[1;36m[bench][0m node live on /home/jordan/node.socket, tip slot 123089377 >= UNTIL_SLOT 4000000
[1;36m[bench][0m range origin..4000000 (wildcard), 5 runs each, interleaved
[1;36m[bench][0m sieve = /home/jordan/Repos/cardano-sieve/dist-newstyle/build/x86_64-linux/ghc-9.8.4/cardano-sieve-0.1.0.0/x/cardano-sieve/build/cardano-sieve/cardano-sieve
[1;36m[bench][0m kupo  = /home/jordan/repos/kupo/dist-newstyle/build/x86_64-linux/ghc-9.8.4/kupo-2.11.0.1/x/kupo/build/kupo/kupo (RTS: -N2)
[1;36m[bench][0m warm-up sync (discarded) ...
[1;36m[bench][0m cooldown 30s ...
[1;36m[bench][0m sieve run 1/5 ...
[1;36m[bench][0m   -> 105.83s wall, 110.89s cpu (105% CPU), 129 MiB RSS, 1096 MiB db (+10.89s derive)
[1;36m[bench][0m cooldown 30s ...
[1;36m[bench][0m kupo run 1/5 ...
[1;36m[bench][0m   -> 128.39s wall, 128.97s cpu (100% CPU), 447 MiB RSS, 921 MiB db
[1;36m[bench][0m cooldown 30s ...
[1;36m[bench][0m sieve run 2/5 ...
[1;36m[bench][0m   -> 104.8s wall, 111.21s cpu (106% CPU), 123 MiB RSS, 1096 MiB db (+10.38s derive)
[1;36m[bench][0m cooldown 30s ...
[1;36m[bench][0m kupo run 2/5 ...
[1;36m[bench][0m   -> 130.37s wall, 131.24s cpu (101% CPU), 480 MiB RSS, 922 MiB db
[1;36m[bench][0m cooldown 30s ...
[1;36m[bench][0m sieve run 3/5 ...
[1;36m[bench][0m   -> 105.77s wall, 112.12s cpu (106% CPU), 124 MiB RSS, 1096 MiB db (+10.77s derive)
[1;36m[bench][0m cooldown 30s ...
[1;36m[bench][0m kupo run 3/5 ...
[1;36m[bench][0m   -> 131.38s wall, 131.83s cpu (100% CPU), 468 MiB RSS, 921 MiB db
[1;36m[bench][0m cooldown 30s ...
[1;36m[bench][0m sieve run 4/5 ...
[1;36m[bench][0m   -> 106.88s wall, 112.48s cpu (105% CPU), 125 MiB RSS, 1096 MiB db (+10.62s derive)
[1;36m[bench][0m cooldown 30s ...
[1;36m[bench][0m kupo run 4/5 ...
[1;36m[bench][0m   -> 132.41s wall, 134.18s cpu (101% CPU), 430 MiB RSS, 922 MiB db
[1;36m[bench][0m cooldown 30s ...
[1;36m[bench][0m sieve run 5/5 ...
[1;36m[bench][0m   -> 104.68s wall, 111.29s cpu (106% CPU), 122 MiB RSS, 1096 MiB db (+11.15s derive)
[1;36m[bench][0m cooldown 30s ...
[1;36m[bench][0m kupo run 5/5 ...
[1;36m[bench][0m   -> 133.46s wall, 134.69s cpu (101% CPU), 452 MiB RSS, 922 MiB db
[1;36m[bench][0m verifying both tools indexed the same UTxO set ...
[1;36m[bench][0m   outputs-ever: sieve=1627464 kupo=1627464 | unspent: sieve=386569 kupo=386569 | (output,policy) pairs: sieve=1852726 kupo=1852726

tool    sync_wall_s sync_cpu_s    CPU%  derive_s ttq_wall_s  peak_RSS_MiB      db_MiB
sieve         105.8      111.3    105%      10.8      116.5           124        1097
kupo          131.4      131.8    100%         -      131.4           453         922
