[1;36m[bench][0m node live on /home/jordan/node.socket, tip slot 123087580 >= UNTIL_SLOT 4000000
[1;36m[bench][0m range origin..4000000 (wildcard), 5 runs each, interleaved
[1;36m[bench][0m sieve = /home/jordan/Repos/cardano-sieve/dist-newstyle/build/x86_64-linux/ghc-9.8.4/cardano-sieve-0.1.0.0/x/cardano-sieve/build/cardano-sieve/cardano-sieve
[1;36m[bench][0m kupo  = /home/jordan/repos/kupo/dist-newstyle/build/x86_64-linux/ghc-9.8.4/kupo-2.11.0.1/x/kupo/build/kupo/kupo (RTS: kupo default -N -A16m -qb -qg)
[1;36m[bench][0m warm-up sync (discarded) ...
[1;36m[bench][0m cooldown 30s ...
[1;36m[bench][0m sieve run 1/5 ...
[1;36m[bench][0m   -> 102.57s wall, 109.10s cpu (106% CPU), 124 MiB RSS, 1096 MiB db (+10.5s derive)
[1;36m[bench][0m cooldown 30s ...
[1;36m[bench][0m kupo run 1/5 ...
[1;36m[bench][0m   -> 143.70s wall, 122.93s cpu (86% CPU), 435 MiB RSS, 922 MiB db
[1;36m[bench][0m cooldown 30s ...
[1;36m[bench][0m sieve run 2/5 ...
[1;36m[bench][0m   -> 104.58s wall, 110.94s cpu (106% CPU), 124 MiB RSS, 1096 MiB db (+10.57s derive)
[1;36m[bench][0m cooldown 30s ...
[1;36m[bench][0m kupo run 2/5 ...
[1;36m[bench][0m   -> 141.69s wall, 120.60s cpu (85% CPU), 453 MiB RSS, 922 MiB db
[1;36m[bench][0m cooldown 30s ...
[1;36m[bench][0m sieve run 3/5 ...
[1;36m[bench][0m   -> 105.24s wall, 111.46s cpu (106% CPU), 120 MiB RSS, 1096 MiB db (+10.68s derive)
[1;36m[bench][0m cooldown 30s ...
[1;36m[bench][0m kupo run 3/5 ...
[1;36m[bench][0m   -> 142.78s wall, 121.91s cpu (85% CPU), 451 MiB RSS, 922 MiB db
[1;36m[bench][0m cooldown 30s ...
[1;36m[bench][0m sieve run 4/5 ...
[1;36m[bench][0m   -> 104.01s wall, 110.51s cpu (106% CPU), 127 MiB RSS, 1096 MiB db (+10.38s derive)
[1;36m[bench][0m cooldown 30s ...
[1;36m[bench][0m kupo run 4/5 ...
[1;36m[bench][0m   -> 142.89s wall, 122.36s cpu (86% CPU), 456 MiB RSS, 922 MiB db
[1;36m[bench][0m cooldown 30s ...
[1;36m[bench][0m sieve run 5/5 ...
[1;36m[bench][0m   -> 106.54s wall, 112.94s cpu (106% CPU), 122 MiB RSS, 1096 MiB db (+10.97s derive)
[1;36m[bench][0m cooldown 30s ...
[1;36m[bench][0m kupo run 5/5 ...
[1;36m[bench][0m   -> 139.62s wall, 118.51s cpu (85% CPU), 466 MiB RSS, 922 MiB db
[1;36m[bench][0m verifying both tools indexed the same UTxO set ...
[1;36m[bench][0m   outputs-ever: sieve=1627464 kupo=1627464 | unspent: sieve=386569 kupo=386569 | (output,policy) pairs: sieve=1852726 kupo=1852726

tool    sync_wall_s sync_cpu_s    CPU%  derive_s ttq_wall_s  peak_RSS_MiB      db_MiB
sieve         104.6      110.9    106%      10.6      115.2           124        1097
kupo          142.8      121.9     85%         -      142.8           454         922
